
> frontend@0.0.0 build
> vite build

[36mvite v7.3.1 [32mbuilding client environment for production...[36m[39m
transforming...
[32mΓ£ô[39m 40 modules transformed.
node.exe : [31mΓ£ù[39m 
Build failed in 437ms
At line:1 char:1
+ & "C:\Program 
Files\nodejs/node.exe" "C:\Use
rs\pasin\AppData\Roaming\ ...
+ ~~~~~~~~~~~~~~~~~~~~~~~~~~~~
~~~~~~~~~~~~~~~~~~~~~~~~~~~~~~
~~~~~~~~~~~
    + CategoryInfo          : 
    NotSpecified: ([31mΓ£ù  
  [39m Build failed in 437m   
 s:String) [], RemoteExcep    
tion
    + FullyQualifiedErrorId : 
    NativeCommandError
 
[31merror during build:
[31m[vite:esbuild] Transform 
failed with 1 error:
C:/Users/pasin/Documents/Proje
ct/BPC E-Commerce/frontend/src
/pages/admin/POSInterface.jsx:
114:29: ERROR: "await" can 
only be used inside an 
"async" function[31m
file: [36mC:/Users/pasin/Docu
ments/Project/BPC E-Commerce/f
rontend/src/pages/admin/POSInt
erface.jsx:114:29[31m
[33m
[33m"await" can only be used 
inside an "async" 
function[33m
112 |              const 
change = paymentMethod === 
'Cash' ? (cash - itemsPrice) 
: 0;
113 |  
114 |              const { 
data } = await axios.post('htt
p://localhost:5000/api/pos', {
    |                         
      ^
115 |                  
orderItems: cartItems.map(x 
=> ({
116 |                      
name: x.name,
[31m
    at failureErrorWithLog (C:
\Users\pasin\Documents\Project
\BPC E-Commerce\frontend\node_
modules\esbuild\lib\main.js:14
67:15)
    at C:\Users\pasin\Document
s\Project\BPC E-Commerce\front
end\node_modules\esbuild\lib\m
ain.js:736:50
    at 
responseCallbacks.<computed> (
C:\Users\pasin\Documents\Proje
ct\BPC E-Commerce\frontend\nod
e_modules\esbuild\lib\main.js:
603:9)
    at handleIncomingPacket (C
:\Users\pasin\Documents\Projec
t\BPC E-Commerce\frontend\node
_modules\esbuild\lib\main.js:6
58:12)
    at Socket.readFromStdout (
C:\Users\pasin\Documents\Proje
ct\BPC E-Commerce\frontend\nod
e_modules\esbuild\lib\main.js:
581:7)
    at Socket.emit 
(node:events:508:28)
    at addChunk (node:internal
/streams/readable:559:12)
    at 
readableAddChunkPushByteMode (
node:internal/streams/readable
:510:3)
    at Readable.push (node:int
ernal/streams/readable:390:5)
    at Pipe.onStreamRead (node
:internal/stream_base_commons:
189:23)[39m
